Calculating task graph as configuration cache cannot be reused because file 'integration-tests/tacz-runtime/dependency-lock.json' has changed.
> Task :combat:jarJar NO-SOURCE
> Task :foundation:generateModMetadata UP-TO-DATE
> Task :character:jarJar NO-SOURCE
> Task :foundation:jarJar NO-SOURCE
> Task :character:processResources UP-TO-DATE
> Task :tactical:generateModMetadata UP-TO-DATE
> Task :tactical:jarJar NO-SOURCE
> Task :combat:processResources UP-TO-DATE
> Task :foundation:processResources UP-TO-DATE
> Task :tactical:processResources UP-TO-DATE
> Task :tarkov_content:jarJar NO-SOURCE
> Task :tacz_runtime:writeClientLegacyClasspath UP-TO-DATE
> Task :tacz_runtime:verifyTaczDependency
> Task :tarkov_content:processResources UP-TO-DATE

> Task :tacz_runtime:downloadAssets
Loaded 137 artifacts from /Users/zhengpanpan/Downloads/tempProgram/NewMod/source/integration-tests/tacz-runtime/build/tmp/downloadAssets/nfrt_artifact_manifest.properties
Downloading asset index 17
Using Minecraft asset root: /Users/zhengpanpan/.gradle/caches/neoformruntime/assets
  ↓ https://piston-meta.mojang.com/v1/packages/1f22f8f4b4575831ce8d1d74b5656eb1bc04732c/17.json

> Task :tacz_runtime:prepareClientRun

> Task :foundation:createMinecraftArtifacts
Loaded 137 artifacts from /Users/zhengpanpan/Downloads/tempProgram/NewMod/source/mods/foundation/build/tmp/createMinecraftArtifacts/nfrt_artifact_manifest.properties
*** Started working on downloadJson
 ✓ Completed downloadJson in 0.03s
*** Started working on downloadServer
*** Started working on downloadClient
*** Started working on downloadClientMappings
 ✓ Completed downloadClient in 0.03s
 ✓ Completed downloadClientMappings in 0.03s
 ✓ Completed downloadServer in 0.03s
*** Started working on mergeMappings
 ♻ Used cache of mergeMappings in 0.00s
*** Started working on stripClient
 ♻ Used cache of stripClient in 0.00s
*** Started working on extractServer
 ♻ Used cache of extractServer in 0.00s
*** Started working on stripServer
 ♻ Used cache of stripServer in 0.00s
*** Started working on merge
 ♻ Used cache of merge in 0.00s
*** Started working on rename
 ♻ Used cache of rename in 0.00s
*** Started working on decompile
 ♻ Used cache of decompile in 0.00s
*** Started working on inject
 ♻ Used cache of inject in 0.00s
*** Started working on patch
 ♻ Used cache of patch in 0.00s

> Task :combat:createMinecraftArtifacts
Loaded 137 artifacts from /Users/zhengpanpan/Downloads/tempProgram/NewMod/source/mods/combat/build/tmp/createMinecraftArtifacts/nfrt_artifact_manifest.properties
*** Started working on downloadJson
 ✓ Completed downloadJson in 0.02s
*** Started working on downloadServer
*** Started working on downloadClient
*** Started working on downloadClientMappings
 ✓ Completed downloadClient in 0.04s
 ✓ Completed downloadClientMappings in 0.04s
 ✓ Completed downloadServer in 0.05s
*** Started working on mergeMappings
*** Started working on stripClient
 ♻ Used cache of mergeMappings in 0.00s
 ♻ Used cache of stripClient in 0.01s
*** Started working on extractServer
 ♻ Used cache of extractServer in 0.00s
*** Started working on stripServer
 ♻ Used cache of stripServer in 0.00s
*** Started working on merge
 ♻ Used cache of merge in 0.00s
*** Started working on rename
 ♻ Used cache of rename in 0.00s
*** Started working on decompile
 ♻ Used cache of decompile in 0.00s
*** Started working on inject
 ♻ Used cache of inject in 0.00s
*** Started working on patch
 ♻ Used cache of patch in 0.00s
*** Started working on applyNeoforgePatches
 ♻ Used cache of applyNeoforgePatches in 0.00s
*** Started working on transformSources
 ♻ Used cache of transformSources in 0.00s
*** Started working on recompile
 ♻ Used cache of recompile in 0.00s
*** Started working on sourcesWithNeoForge
 ♻ Used cache of sourcesWithNeoForge in 0.00s
*** Started working on compiledWithNeoForge
 ♻ Used cache of compiledWithNeoForge in 0.00s
*** Started working on sourcesAndCompiledWithNeoForge
 ♻ Used cache of sourcesAndCompiledWithNeoForge in 0.00s
Total runtime: 1.60s


> Task :character:createMinecraftArtifacts
Loaded 137 artifacts from /Users/zhengpanpan/Downloads/tempProgram/NewMod/source/mods/character/build/tmp/createMinecraftArtifacts/nfrt_artifact_manifest.properties
*** Started working on downloadJson
 ✓ Completed downloadJson in 0.07s
*** Started working on downloadClient
*** Started working on downloadClientMappings
*** Started working on downloadServer
 ✓ Completed downloadClient in 0.03s
 ✓ Completed downloadClientMappings in 0.03s
 ✓ Completed downloadServer in 0.03s
*** Started working on mergeMappings
*** Started working on stripClient
 ♻ Used cache of stripClient in 0.00s
 ♻ Used cache of mergeMappings in 0.00s
*** Started working on extractServer
 ♻ Used cache of extractServer in 0.00s
*** Started working on stripServer
 ♻ Used cache of stripServer in 0.00s
*** Started working on merge
 ♻ Used cache of merge in 0.00s
*** Started working on rename
 ♻ Used cache of rename in 0.00s
*** Started working on decompile
 ♻ Used cache of decompile in 0.00s
*** Started working on inject
 ♻ Used cache of inject in 0.00s
*** Started working on patch
 ♻ Used cache of patch in 0.00s
*** Started working on applyNeoforgePatches
 ♻ Used cache of applyNeoforgePatches in 0.00s
*** Started working on transformSources
 ♻ Used cache of transformSources in 0.00s
*** Started working on recompile
 ♻ Used cache of recompile in 0.00s
*** Started working on sourcesWithNeoForge
 ♻ Used cache of sourcesWithNeoForge in 0.00s
*** Started working on compiledWithNeoForge
 ♻ Used cache of compiledWithNeoForge in 0.00s
*** Started working on sourcesAndCompiledWithNeoForge
 ♻ Used cache of sourcesAndCompiledWithNeoForge in 0.00s
Total runtime: 1.54s


> Task :tactical:createMinecraftArtifacts
Loaded 137 artifacts from /Users/zhengpanpan/Downloads/tempProgram/NewMod/source/mods/tactical/build/tmp/createMinecraftArtifacts/nfrt_artifact_manifest.properties
*** Started working on downloadJson
Waiting for lock on downloadJson_32633694cdd16901c3cc1aac6b3a054261dc268f.
> Task :foundation:createMinecraftArtifacts
*** Started working on applyNeoforgePatches
 ♻ Used cache of applyNeoforgePatches in 0.00s
*** Started working on transformSources
 ♻ Used cache of transformSources in 0.00s
*** Started working on recompile
 ♻ Used cache of recompile in 0.00s
*** Started working on sourcesWithNeoForge
 ♻ Used cache of sourcesWithNeoForge in 0.00s
*** Started working on compiledWithNeoForge
 ♻ Used cache of compiledWithNeoForge in 0.00s
*** Started working on sourcesAndCompiledWithNeoForge
 ♻ Used cache of sourcesAndCompiledWithNeoForge in 0.00s
Total runtime: 1.68s


> Task :tacz_runtime:createMinecraftArtifacts
Loaded 137 artifacts from /Users/zhengpanpan/Downloads/tempProgram/NewMod/source/integration-tests/tacz-runtime/build/tmp/createMinecraftArtifacts/nfrt_artifact_manifest.properties
*** Started working on downloadJson
Waiting for lock on downloadJson_32633694cdd16901c3cc1aac6b3a054261dc268f.
> Task :foundation:compileJava UP-TO-DATE
> Task :foundation:classes UP-TO-DATE
> Task :foundation:jar UP-TO-DATE

> Task :tarkov_content:createMinecraftArtifacts
Loaded 137 artifacts from /Users/zhengpanpan/Downloads/tempProgram/NewMod/source/mods/tarkov_content/build/tmp/createMinecraftArtifacts/nfrt_artifact_manifest.properties
*** Started working on downloadJson
 ✓ Completed downloadJson in 0.06s
*** Started working on downloadClientMappings
*** Started working on downloadClient
*** Started working on downloadServer
 ✓ Completed downloadServer in 0.08s
 ✓ Completed downloadClient in 0.08s
 ✓ Completed downloadClientMappings in 0.08s
*** Started working on mergeMappings
 ♻ Used cache of mergeMappings in 0.00s
*** Started working on stripClient
 ♻ Used cache of stripClient in 0.00s
*** Started working on extractServer
 ♻ Used cache of extractServer in 0.00s
*** Started working on stripServer
Waiting for lock on stripServer_8f2cfacc0d571c8668a92be635d4b7a805bf8ea1. ♻ Used cache of stripServer in 1.01s
*** Started working on merge
 ♻ Used cache of merge in 0.00s
*** Started working on rename
 ♻ Used cache of rename in 0.00s
*** Started working on decompile
 ♻ Used cache of decompile in 0.00s
*** Started working on inject
 ♻ Used cache of inject in 0.00s
*** Started working on patch
 ♻ Used cache of patch in 0.00s
*** Started working on applyNeoforgePatches
 ♻ Used cache of applyNeoforgePatches in 0.00s
*** Started working on transformSources
 ♻ Used cache of transformSources in 0.00s
*** Started working on recompile
 ♻ Used cache of recompile in 0.00s
*** Started working on sourcesWithNeoForge
 ♻ Used cache of sourcesWithNeoForge in 0.00s
*** Started working on compiledWithNeoForge
 ♻ Used cache of compiledWithNeoForge in 0.00s
*** Started working on sourcesAndCompiledWithNeoForge
 ♻ Used cache of sourcesAndCompiledWithNeoForge in 0.00s
Total runtime: 2.48s


> Task :tarkov_content:compileJava UP-TO-DATE
> Task :tarkov_content:classes UP-TO-DATE
> Task :tarkov_content:jar UP-TO-DATE

> Task :tacz_runtime:createMinecraftArtifacts
 ✓ Completed downloadJson in 1.07s
*** Started working on downloadClientMappings
*** Started working on downloadClient
*** Started working on downloadServer
 ✓ Completed downloadServer in 0.02s
 ✓ Completed downloadClientMappings in 0.02s
 ✓ Completed downloadClient in 0.02s
*** Started working on mergeMappings
 ♻ Used cache of mergeMappings in 0.00s
*** Started working on stripClient
 ♻ Used cache of stripClient in 0.00s
*** Started working on extractServer
 ♻ Used cache of extractServer in 0.00s
*** Started working on stripServer
 ♻ Used cache of stripServer in 0.00s
*** Started working on merge
 ♻ Used cache of merge in 0.00s
*** Started working on rename
 ♻ Used cache of rename in 0.00s
*** Started working on decompile
 ♻ Used cache of decompile in 0.00s
*** Started working on inject
 ♻ Used cache of inject in 0.00s
*** Started working on patch
 ♻ Used cache of patch in 0.00s
*** Started working on applyNeoforgePatches
 ♻ Used cache of applyNeoforgePatches in 0.00s
*** Started working on transformSources
 ♻ Used cache of transformSources in 0.00s
*** Started working on recompile
 ♻ Used cache of recompile in 0.00s
*** Started working on sourcesWithNeoForge
 ♻ Used cache of sourcesWithNeoForge in 0.00s
*** Started working on compiledWithNeoForge
 ♻ Used cache of compiledWithNeoForge in 0.00s
*** Started working on sourcesAndCompiledWithNeoForge
 ♻ Used cache of sourcesAndCompiledWithNeoForge in 0.00s
Total runtime: 2.53s


> Task :tactical:createMinecraftArtifacts
 ✓ Completed downloadJson in 1.08s
*** Started working on downloadServer
*** Started working on downloadClient
*** Started working on downloadClientMappings
 ✓ Completed downloadServer in 0.04s
 ✓ Completed downloadClient in 0.04s
 ✓ Completed downloadClientMappings in 0.04s
*** Started working on stripClient
*** Started working on mergeMappings
 ♻ Used cache of mergeMappings in 0.00s
 ♻ Used cache of stripClient in 0.01s
*** Started working on extractServer
 ♻ Used cache of extractServer in 0.00s
*** Started working on stripServer
 ♻ Used cache of stripServer in 0.00s
*** Started working on merge
 ♻ Used cache of merge in 0.00s
*** Started working on rename
 ♻ Used cache of rename in 0.00s
*** Started working on decompile
 ♻ Used cache of decompile in 0.00s
*** Started working on inject
 ♻ Used cache of inject in 0.00s
*** Started working on patch
 ♻ Used cache of patch in 0.00s
*** Started working on applyNeoforgePatches
 ♻ Used cache of applyNeoforgePatches in 0.00s
*** Started working on transformSources
 ♻ Used cache of transformSources in 0.00s
*** Started working on recompile
 ♻ Used cache of recompile in 0.00s
*** Started working on sourcesWithNeoForge
 ♻ Used cache of sourcesWithNeoForge in 0.00s
*** Started working on compiledWithNeoForge
 ♻ Used cache of compiledWithNeoForge in 0.00s
*** Started working on sourcesAndCompiledWithNeoForge
 ♻ Used cache of sourcesAndCompiledWithNeoForge in 0.00s
Total runtime: 2.68s


> Task :tactical:compileJava UP-TO-DATE
> Task :tactical:classes UP-TO-DATE
> Task :tactical:jar UP-TO-DATE
> Task :character:compileJava UP-TO-DATE
> Task :character:classes UP-TO-DATE
> Task :character:jar UP-TO-DATE
> Task :combat:compileJava UP-TO-DATE
> Task :combat:classes UP-TO-DATE
> Task :combat:jar UP-TO-DATE

> Task :tacz_runtime:verifyRuntime
TACZ_RUNTIME PASS: 960 engine/integration/weapon classes, one artifact, no adapter or weapon Mods; development=true

BUILD SUCCESSFUL in 4s
28 actionable tasks: 10 executed, 18 up-to-date
Configuration cache entry stored.
